[    0.000000] Initializing cgroup subsys cpuset
[    0.000000] Initializing cgroup subsys cpu
[    0.000000] Initializing cgroup subsys cpuacct
[    0.000000] Linux version 4.4.0-72-generic (buildd@lcy01-17) (gcc version 5.4.0 20160609 (Ubuntu 5.4.0-6ubuntu1~16.04.4) ) #93-Ubuntu SMP Fri Mar 31 14:07:41 UTC 2017 (Ubuntu 4.4.0-72.93-generic 4.4.49)
[    0.000000] Command line: BOOT_IMAGE=/boot/vmlinuz-4.4.0-72-generic root=UUID=3449d132-cd38-4265-b757-529a0e8c0a8c ro console=tty1 console=ttyS0
[    0.000000] KERNEL supported cpus:
[    0.000000]   Intel GenuineIntel
[    0.000000]   AMD AuthenticAMD
[    0.000000]   Centaur CentaurHauls
[    0.000000] x86/fpu: xstate_offset[2]:  576, xstate_sizes[2]:  256
[    0.000000] x86/fpu: Supporting XSAVE feature 0x01: 'x87 floating point registers'
[    0.000000] x86/fpu: Supporting XSAVE feature 0x02: 'SSE registers'
[    0.000000] x86/fpu: Supporting XSAVE feature 0x04: 'AVX registers'
[    0.000000] x86/fpu: Enabled xstate features 0x7, context size is 832 bytes, using 'standard' format.
[    0.000000] x86/fpu: Using 'lazy' FPU context switches.
[    0.000000] e820: BIOS-provided physical RAM map:
[    0.000000] BIOS-e820: [mem 0x0000000000000000-0x000000000009fbff] usable
[    0.000000] BIOS-e820: [mem 0x000000000009fc00-0x000000000009ffff] reserved
[    0.000000] BIOS-e820: [mem 0x00000000000f0000-0x00000000000fffff] reserved
[    0.000000] BIOS-e820: [mem 0x0000000000100000-0x00000000dffeffff] usable
[    0.000000] BIOS-e820: [mem 0x00000000dfff0000-0x00000000dfffffff] ACPI data
[    0.000000] BIOS-e820: [mem 0x00000000fec00000-0x00000000fec00fff] reserved
[    0.000000] BIOS-e820: [mem 0x00000000fee00000-0x00000000fee00fff] reserved
[    0.000000] BIOS-e820: [mem 0x00000000fffc0000-0x00000000ffffffff] reserved
[    0.000000] BIOS-e820: [mem 0x0000000100000000-0x000000011fffffff] usable
[    0.000000] NX (Execute Disable) protection: active
[    0.000000] SMBIOS 2.5 present.
[    0.000000] Hypervisor detected: KVM
[    0.000000] e820: last_pfn = 0x120000 max_arch_pfn = 0x400000000
[    0.000000] MTRR: Disabled
[    0.000000] x86/PAT: MTRRs disabled, skipping PAT initialization too.
[    0.000000] x86/PAT: Configuration [0-7]: WB  WT  UC- UC  WB  WT  UC- UC  
[    0.000000] CPU MTRRs all blank - virtualized system.
[    0.000000] e820: last_pfn = 0xdfff0 max_arch_pfn = 0x400000000
[    0.000000] found SMP MP-table at [mem 0x0009fff0-0x0009ffff] mapped at [ffff88000009fff0]
[    0.000000] Scanning 1 areas for low memory corruption
[    0.000000] RAMDISK: [mem 0x36236000-0x37112fff]
[    0.000000] ACPI: Early table checksum verification disabled
[    0.000000] ACPI: RSDP 0x00000000000E0000 000024 (v02 VBOX  )
[    0.000000] ACPI: XSDT 0x00000000DFFF0030 00003C (v01 VBOX   VBOXXSDT 00000001 ASL  00000061)
[    0.000000] ACPI: FACP 0x00000000DFFF00F0 0000F4 (v04 VBOX   VBOXFACP 00000001 ASL  00000061)
[    0.000000] ACPI: DSDT 0x00000000DFFF0470 0021C8 (v02 VBOX   VBOXBIOS 00000002 INTL 20100528)
[    0.000000] ACPI: FACS 0x00000000DFFF0200 000040
[    0.000000] ACPI: FACS 0x00000000DFFF0200 000040
[    0.000000] ACPI: APIC 0x00000000DFFF0240 00005C (v02 VBOX   VBOXAPIC 00000001 ASL  00000061)
[    0.000000] ACPI: SSDT 0x00000000DFFF02A0 0001CC (v01 VBOX   VBOXCPUT 00000002 INTL 20100528)
[    0.000000] No NUMA configuration found
[    0.000000] Faking a node at [mem 0x0000000000000000-0x000000011fffffff]
[    0.000000] NODE_DATA(0) allocated [mem 0x11fff7000-0x11fffbfff]
[    0.000000] kvm-clock: Using msrs 4b564d01 and 4b564d00
[    0.000000] kvm-clock: cpu 0, msr 1:1ffef001, primary cpu clock
[    0.000000] kvm-clock: using sched offset of 3547642811 cycles
[    0.000000] clocksource: kvm-clock: mask: 0xffffffffffffffff max_cycles: 0x1cd42e4dffb, max_idle_ns: 881590591483 ns
[    0.000000] Zone ranges:
[    0.000000]   DMA      [mem 0x0000000000001000-0x0000000000ffffff]
[    0.000000]   DMA32    [mem 0x0000000001000000-0x00000000ffffffff]
[    0.000000]   Normal   [mem 0x0000000100000000-0x000000011fffffff]
[    0.000000]   Device   empty
[    0.000000] Movable zone start for each node
[    0.000000] Early memory node ranges
[    0.000000]   node   0: [mem 0x0000000000001000-0x000000000009efff]
[    0.000000]   node   0: [mem 0x0000000000100000-0x00000000dffeffff]
[    0.000000]   node   0: [mem 0x0000000100000000-0x000000011fffffff]
[    0.000000] Initmem setup node 0 [mem 0x0000000000001000-0x000000011fffffff]
[    0.000000] ACPI: PM-Timer IO Port: 0x4008
[    0.000000] IOAPIC[0]: apic_id 2, version 32, address 0xfec00000, GSI 0-23
[    0.000000] ACPI: INT_SRC_OVR (bus 0 bus_irq 0 global_irq 2 dfl dfl)
[    0.000000] ACPI: INT_SRC_OVR (bus 0 bus_irq 9 global_irq 9 high level)
[    0.000000] Using ACPI (MADT) for SMP configuration information
[    0.000000] smpboot: Allowing 2 CPUs, 0 hotplug CPUs
[    0.000000] PM: Registered nosave memory: [mem 0x00000000-0x00000fff]
[    0.000000] PM: Registered nosave memory: [mem 0x0009f000-0x0009ffff]
[    0.000000] PM: Registered nosave memory: [mem 0x000a0000-0x000effff]
[    0.000000] PM: Registered nosave memory: [mem 0x000f0000-0x000fffff]
[    0.000000] PM: Registered nosave memory: [mem 0xdfff0000-0xdfffffff]
[    0.000000] PM: Registered nosave memory: [mem 0xe0000000-0xfebfffff]
[    0.000000] PM: Registered nosave memory: [mem 0xfec00000-0xfec00fff]
[    0.000000] PM: Registered nosave memory: [mem 0xfec01000-0xfedfffff]
[    0.000000] PM: Registered nosave memory: [mem 0xfee00000-0xfee00fff]
[    0.000000] PM: Registered nosave memory: [mem 0xfee01000-0xfffbffff]
[    0.000000] PM: Registered nosave memory: [mem 0xfffc0000-0xffffffff]
[    0.000000] e820: [mem 0xe0000000-0xfebfffff] available for PCI devices
[    0.000000] Booting paravirtualized kernel on KVM
[    0.000000] clocksource: refined-jiffies: mask: 0xffffffff max_cycles: 0xffffffff, max_idle_ns: 7645519600211568 ns
[    0.000000] setup_percpu: NR_CPUS:512 nr_cpumask_bits:512 nr_cpu_ids:2 nr_node_ids:1
[    0.000000] PERCPU: Embedded 33 pages/cpu @ffff88011fc00000 s98264 r8192 d28712 u1048576
[    0.000000] PV qspinlock hash table entries: 256 (order: 0, 4096 bytes)
[    0.000000] Built 1 zonelists in Node order, mobility grouping on.  Total pages: 1032057
[    0.000000] Policy zone: Normal
[    0.000000] Kernel command line: BOOT_IMAGE=/boot/vmlinuz-4.4.0-72-generic root=UUID=3449d132-cd38-4265-b757-529a0e8c0a8c ro console=tty1 console=ttyS0
[    0.000000] PID hash table entries: 4096 (order: 3, 32768 bytes)
[    0.000000] Memory: 4027872K/4193848K available (8452K kernel code, 1293K rwdata, 3976K rodata, 1484K init, 1316K bss, 165976K reserved, 0K cma-reserved)
[    0.000000] SLUB: HWalign=64, Order=0-3, MinObjects=0, CPUs=2, Nodes=1
[    0.000000] Hierarchical RCU implementation.
[    0.000000] 	Build-time adjustment of leaf fanout to 64.
[    0.000000] 	RCU restricting CPUs from NR_CPUS=512 to nr_cpu_ids=2.
[    0.000000] RCU: Adjusting geometry for rcu_fanout_leaf=64, nr_cpu_ids=2
[    0.000000] NR_IRQS:33024 nr_irqs:440 16
[    0.000000] Console: colour VGA+ 80x25
[    0.000000] console [tty1] enabled
[    0.000000] console [ttyS0] enabled
[    0.000000] tsc: Detected 2194.918 MHz processor
[   10.274406] Calibrating delay loop (skipped) preset value.. 4389.83 BogoMIPS (lpj=8779672)
[   10.374795] pid_max: default: 32768 minimum: 301
[   10.441285] ACPI: Core revision 20150930
[   10.478915] ACPI: 2 ACPI AML tables successfully acquired and loaded
[   10.550945] Security Framework initialized
[   10.597817] Yama: becoming mindful.
[   10.635162] AppArmor: AppArmor initialized
[   10.659724] Dentry cache hash table entries: 524288 (order: 10, 4194304 bytes)
[   10.764246] Inode-cache hash table entries: 262144 (order: 9, 2097152 bytes)
[   10.845175] Mount-cache hash table entries: 8192 (order: 4, 65536 bytes)
[   10.889253] Mountpoint-cache hash table entries: 8192 (order: 4, 65536 bytes)
[   10.984215] Initializing cgroup subsys io
[   11.024920] Initializing cgroup subsys memory
[   11.107368] Initializing cgroup subsys devices
[   11.168907] Initializing cgroup subsys freezer
[   11.212191] Initializing cgroup subsys net_cls
[   11.269851] Initializing cgroup subsys perf_event
[   11.321793] Initializing cgroup subsys net_prio
[   11.401677] Initializing cgroup subsys hugetlb
[   11.441742] Initializing cgroup subsys pids
[   11.480586] CPU: Physical Processor ID: 0
[   11.521403] CPU: Processor Core ID: 0
[   11.574332] mce: CPU supports 0 MCE banks
[   11.611758] Last level iTLB entries: 4KB 1024, 2MB 1024, 4MB 1024
[   11.685720] Last level dTLB entries: 4KB 1024, 2MB 1024, 4MB 1024, 1GB 4
[   11.743506] Freeing SMP alternatives memory: 32K (ffffffff820b8000 - ffffffff820c0000)
[   11.847134] ftrace: allocating 32111 entries in 126 pages
[   11.977487] smpboot: APIC(0) Converting physical 0 to logical package 0
[   12.013290] smpboot: Max logical packages: 1
[   12.077624] ..TIMER: vector=0x30 apic1=0 pin1=2 apic2=-1 pin2=-1
[   12.213135] smpboot: CPU0: Intel(R) Core(TM) i7-4770HQ CPU @ 2.20GHz (family: 0x6, model: 0x46, stepping: 0x1)
[   12.246717] Performance Events: unsupported p6 CPU model 70 no PMU driver, software events only.
[   12.248543] KVM setup paravirtual spinlock
[   12.252114] x86: Booting SMP configuration:
[   12.312065] .... node  #0, CPUs:      #1
[   12.389478] kvm-clock: cpu 1, msr 1:1ffef041, secondary cpu clock
[   12.453048] mce: CPU supports 0 MCE banks
[   12.541294] x86: Booted up 1 node, 2 CPUs
[   12.609641] smpboot: Total of 2 processors activated (8779.67 BogoMIPS)
[   12.688471] devtmpfs: initialized
[   12.727334] evm: security.selinux
[   12.767991] evm: security.SMACK64
[   12.813213] evm: security.SMACK64EXEC
[   12.853523] evm: security.SMACK64TRANSMUTE
[   12.926611] evm: security.SMACK64MMAP
[   12.953655] evm: security.ima
[   12.978643] evm: security.capability
[   13.013645] clocksource: jiffies: mask: 0xffffffff max_cycles: 0xffffffff, max_idle_ns: 7645041785100000 ns
[   13.049622] pinctrl core: initialized pinctrl subsystem
[   13.110912] RTC time: 18:26:00, date: 04/17/17
[   13.144503] NET: Registered protocol family 16
[   13.197030] cpuidle: using governor ladder
[   13.265364] cpuidle: using governor menu
[   13.309312] PCCT header not found.
[   13.354791] ACPI: bus type PCI registered
[   13.407409] acpiphp: ACPI Hot Plug PCI Controller Driver version: 0.5
[   13.461901] PCI: Using configuration type 1 for base access
[   13.559703] ACPI: Added _OSI(Module Device)
[   13.602462] ACPI: Added _OSI(Processor Device)
[   13.629922] ACPI: Added _OSI(3.0 _SCP Extensions)
[   13.678317] ACPI: Added _OSI(Processor Aggregator Device)
[   13.725703] ACPI: Executed 1 blocks of module-level executable AML code
[   13.824614] ACPI: Interpreter enabled
[   13.850085] ACPI: (supports S0 S5)
[   13.889668] ACPI: Using IOAPIC for interrupt routing
[   13.966176] PCI: Using host bridge windows from ACPI; if necessary, use "pci=nocrs" and report a bug
[   14.087774] ACPI: PCI Root Bridge [PCI0] (domain 0000 [bus 00-ff])
[   14.150376] acpi PNP0A03:00: _OSC: OS supports [ASPM ClockPM Segments MSI]
[   14.233585] acpi PNP0A03:00: _OSC failed (AE_NOT_FOUND); disabling ASPM
[   14.309356] acpi PNP0A03:00: fail to add MMCONFIG information, can't access extended PCI configuration space under this bridge.
[   14.414317] PCI host bridge to bus 0000:00
[   14.477219] pci_bus 0000:00: root bus resource [io  0x0000-0x0cf7 window]
[   14.562719] pci_bus 0000:00: root bus resource [io  0x0d00-0xffff window]
[   14.666565] pci_bus 0000:00: root bus resource [mem 0x000a0000-0x000bffff window]
[   14.761566] pci_bus 0000:00: root bus resource [mem 0xe0000000-0xffdfffff window]
[   14.874219] pci_bus 0000:00: root bus resource [bus 00-ff]
[   14.925621] pci 0000:00:01.1: legacy IDE quirk: reg 0x10: [io  0x01f0-0x01f7]
[   15.009314] pci 0000:00:01.1: legacy IDE quirk: reg 0x14: [io  0x03f6]
[   15.114438] pci 0000:00:01.1: legacy IDE quirk: reg 0x18: [io  0x0170-0x0177]
[   15.190124] pci 0000:00:01.1: legacy IDE quirk: reg 0x1c: [io  0x0376]
[   15.248727] pci 0000:00:07.0: quirk: [io  0x4000-0x403f] claimed by PIIX4 ACPI
[   15.293851] pci 0000:00:07.0: quirk: [io  0x4100-0x410f] claimed by PIIX4 SMB
[   15.405653] ACPI: PCI Interrupt Link [LNKA] (IRQs 5 9 10 *11)
[   15.477518] ACPI: PCI Interrupt Link [LNKB] (IRQs 5 9 10 *11)
[   15.545329] ACPI: PCI Interrupt Link [LNKC] (IRQs 5 9 *10 11)
[   15.626565] ACPI: PCI Interrupt Link [LNKD] (IRQs 5 *9 10 11)
[   15.705585] ACPI: Enabled 2 GPEs in block 00 to 07
[   15.776266] vgaarb: setting as boot device: PCI:0000:00:02.0
[   15.827025] vgaarb: device added: PCI:0000:00:02.0,decodes=io+mem,owns=io+mem,locks=none
[   15.964941] vgaarb: loaded
[   16.005150] vgaarb: bridge control possible 0000:00:02.0
[   16.078661] SCSI subsystem initialized
[   16.130146] ACPI: bus type USB registered
[   16.173184] usbcore: registered new interface driver usbfs
[   16.187030] usbcore: registered new interface driver hub
[   16.188267] usbcore: registered new device driver usb
[   16.280245] PCI: Using ACPI for IRQ routing
[   16.325974] NetLabel: Initializing
[   16.345703] NetLabel:  domain hash size = 128
[   16.388897] NetLabel:  protocols = UNLABELED CIPSOv4
[   16.438084] NetLabel:  unlabeled traffic allowed by default
[   16.516584] amd_nb: Cannot enumerate AMD northbridges
[   16.583684] clocksource: Switched to clocksource kvm-clock
[   16.693723] AppArmor: AppArmor Filesystem Enabled
[   16.782209] pnp: PnP ACPI init
[   16.829810] pnp: PnP ACPI: found 3 devices
[   16.939545] clocksource: acpi_pm: mask: 0xffffff max_cycles: 0xffffff, max_idle_ns: 2085701024 ns
[   17.093345] NET: Registered protocol family 2
[   17.158941] TCP established hash table entries: 32768 (order: 6, 262144 bytes)
[   17.264027] TCP bind hash table entries: 32768 (order: 7, 524288 bytes)
[   17.393819] TCP: Hash tables configured (established 32768 bind 32768)
[   17.446737] UDP hash table entries: 2048 (order: 4, 65536 bytes)
[   17.547267] UDP-Lite hash table entries: 2048 (order: 4, 65536 bytes)
[   17.707313] NET: Registered protocol family 1
[   17.762859] pci 0000:00:00.0: Limiting direct PCI/PCI transfers
[   17.850109] pci 0000:00:01.0: Activating ISA DMA hang workarounds
[   17.942786] Unpacking initramfs...
[   18.276998] Freeing initrd memory: 15220K (ffff880036236000 - ffff880037113000)
[   18.365930] PCI-DMA: Using software bounce buffering for IO (SWIOTLB)
[   18.460616] software IO TLB [mem 0xdbff0000-0xdfff0000] (64MB) mapped at [ffff8800dbff0000-ffff8800dffeffff]
[   18.526694] platform rtc_cmos: registered platform RTC device (no PNP device found)
[   18.539681] Scanning for low memory corruption every 60 seconds
[   18.551975] futex hash table entries: 512 (order: 3, 32768 bytes)
[   18.561755] audit: initializing netlink subsys (disabled)
[   18.611822] audit: type=2000 audit(1492453555.905:1): initialized
[   18.672789] Initialise system trusted keyring
[   18.753984] HugeTLB registered 2 MB page size, pre-allocated 0 pages
[   18.829914] zbud: loaded
[   18.858943] VFS: Disk quotas dquot_6.6.0
[   18.943340] VFS: Dquot-cache hash table entries: 512 (order 0, 4096 bytes)
[   19.076521] squashfs: version 4.0 (2009/01/31) Phillip Lougher
[   19.158083] fuse init (API version 7.23)
[   19.224675] Key type big_key registered
[   19.274778] Allocating IMA MOK and blacklist keyrings.
[   19.364324] Key type asymmetric registered
[   19.365136] Asymmetric key parser 'x509' registered
[   19.436207] Block layer SCSI generic (bsg) driver version 0.4 loaded (major 249)
[   19.523747] tsc: Refined TSC clocksource calibration: 2195.097 MHz
[   19.523751] clocksource: tsc: mask: 0xffffffffffffffff max_cycles: 0x1fa41b22799, max_idle_ns: 440795261673 ns
[   19.780386] io scheduler noop registered
[   19.818870] io scheduler deadline registered (default)
[   19.909935] io scheduler cfq registered
[   19.935116] pci_hotplug: PCI Hot Plug PCI Core version: 0.5
[   20.013462] pciehp: PCI Express Hot Plug Controller Driver version: 0.4
[   20.099082] ACPI: AC Adapter [AC] (on-line)
[   20.148424] input: Power Button as /devices/LNXSYSTM:00/LNXPWRBN:00/input/input0
[   20.257922] ACPI: Power Button [PWRF]
[   20.324408] input: Sleep Button as /devices/LNXSYSTM:00/LNXSLPBN:00/input/input1
[   20.412798] ACPI: Sleep Button [SLPF]
[   20.461227] ACPI: Battery Slot [BAT0] (battery present)
[   20.511954] GHES: HEST is not enabled!
[   20.560410] Serial: 8250/16550 driver, 32 ports, IRQ sharing enabled
[   20.649976] 00:02: ttyS0 at I/O 0x3f8 (irq = 4, base_baud = 115200) is a 16550A
[   20.728187] Linux agpgart interface v0.103
[   20.738481] loop: module loaded
[   20.745297] scsi host0: ata_piix
[   20.753249] scsi host1: ata_piix
[   20.772702] ata1: PATA max UDMA/33 cmd 0x1f0 ctl 0x3f6 bmdma 0xd000 irq 14
[   20.869040] ata2: PATA max UDMA/33 cmd 0x170 ctl 0x376 bmdma 0xd008 irq 15
[   20.961796] libphy: Fixed MDIO Bus: probed
[   21.027325] tun: Universal TUN/TAP device driver, 1.6
[   21.059133] tun: (C) 1999-2004 Max Krasnyansky <maxk@qualcomm.com>
[   21.160324] PPP generic driver version 2.4.2
[   21.239309] ehci_hcd: USB 2.0 'Enhanced' Host Controller (EHCI) Driver
[   21.274399] ehci-pci: EHCI PCI platform driver
[   21.342628] ehci-platform: EHCI generic platform driver
[   21.391106] ohci_hcd: USB 1.1 'Open' Host Controller (OHCI) Driver
[   21.458906] ohci-pci: OHCI PCI platform driver
[   21.542695] ohci-platform: OHCI generic platform driver
[   21.580411] uhci_hcd: USB Universal Host Controller Interface driver
[   21.676434] i8042: PNP: PS/2 Controller [PNP0303:PS2K,PNP0f03:PS2M] at 0x60,0x64 irq 1,12
[   21.771297] serio: i8042 KBD port at 0x60,0x64 irq 1
[   21.822068] serio: i8042 AUX port at 0x60,0x64 irq 12
[   21.828373] mousedev: PS/2 mouse device common for all mice
[   21.848132] input: AT Translated Set 2 keyboard as /devices/platform/i8042/serio0/input/input2
[   21.897701] rtc_cmos rtc_cmos: rtc core: registered rtc_cmos as rtc0
[   21.931805] rtc_cmos rtc_cmos: alarms up to one day, 114 bytes nvram
[   22.002508] i2c /dev entries driver
[   22.027763] device-mapper: uevent: version 1.0.3
[   22.119557] device-mapper: ioctl: 4.34.0-ioctl (2015-10-28) initialised: dm-devel@redhat.com
[   22.272402] ledtrig-cpu: registered to indicate activity on CPUs
[   22.343367] NET: Registered protocol family 10
[   22.395346] NET: Registered protocol family 17
[   22.462961] Key type dns_resolver registered
[   22.505960] microcode: CPU0 sig=0x40661, pf=0x40, revision=0x0
[   22.561666] microcode: CPU1 sig=0x40661, pf=0x40, revision=0x0
[   22.609490] microcode: Microcode Update Driver: v2.01 <tigran@aivazian.fsnet.co.uk>, Peter Oruba
[   22.681996] registered taskstats version 1
[   22.682847] Loading compiled-in X.509 certificates
[   22.713161] Loaded X.509 cert 'Build time autogenerated kernel key: 04ae903e4643330d1fe41947e79c28b436494994'
[   22.826144] zswap: loaded using pool lzo/zbud
[   22.878687] Key type trusted registered
[   22.915345] Key type encrypted registered
[   22.937494] AppArmor: AppArmor sha1 policy hashing enabled
[   22.952515] ima: No TPM chip found, activating TPM-bypass!
[   22.962271] evm: HMAC attrs: 0x1
[   22.974925]   Magic number: 13:548:443
[   23.011893] rtc_cmos rtc_cmos: setting system clock to 2017-04-17 18:26:10 UTC (1492453570)
[   23.153310] BIOS EDD facility v0.16 2004-Jun-25, 0 devices found
[   23.224012] EDD information not available.
[   23.282631] Freeing unused kernel memory: 1484K (ffffffff81f45000 - ffffffff820b8000)
[   23.406593] Write protecting the kernel read-only data: 14336k
[   23.468991] Freeing unused kernel memory: 1776K (ffff880001844000 - ffff880001a00000)
[   23.576755] Freeing unused kernel memory: 120K (ffff880001de2000 - ffff880001e00000)
Loading, please [   23.704902] random: systemd-udevd: uninitialized urandom read (16 bytes read, 5 bits of entropy available)
wait...
startin[   23.705374] random: udevadm: uninitialized urandom read (16 bytes read, 5 bits of entropy available)
g version 229
[   23.705406] random: udevadm: uninitialized urandom read (16 bytes read, 5 bits of entropy available)
[   23.705504] random: udevadm: uninitialized urandom read (16 bytes read, 5 bits of entropy available)
[   23.705538] random: udevadm: uninitialized urandom read (16 bytes read, 5 bits of entropy available)
[   23.705580] random: udevadm: uninitialized urandom read (16 bytes read, 5 bits of entropy available)
[   23.705613] random: udevadm: uninitialized urandom read (16 bytes read, 5 bits of entropy available)
[   23.705646] random: udevadm: uninitialized urandom read (16 bytes read, 5 bits of entropy available)
[   23.705676] random: udevadm: uninitialized urandom read (16 bytes read, 5 bits of entropy available)
[   23.705708] random: udevadm: uninitialized urandom read (16 bytes read, 5 bits of entropy available)
[   24.624853] Fusion MPT base driver 3.04.20
[   24.658881] Copyright (c) 1999-2008 LSI Corporation
[   24.748510] Fusion MPT SPI Host driver 3.04.20
[   24.844489] e1000: Intel(R) PRO/1000 Network Driver - version 7.3.21-k8-NAPI
[   24.900663] e1000: Copyright (c) 1999-2006 Intel Corporation.
[   24.980194] mptbase: ioc0: Initiating bringup
[   25.023320] AVX version of gcm_enc/dec engaged.
[   25.111357] AES CTR mode by8 optimization enabled
[   25.192268] ioc0: LSI53C1030 A0: Capabilities={Initiator}
[   25.233617] input: ImExPS/2 Generic Explorer Mouse as /devices/platform/i8042/serio1/input/input4
[   25.390169] scsi host2: ioc0: LSI53C1030 A0, FwRev=00000000h, Ports=1, MaxQ=256, IRQ=20
[   25.601254] scsi 2:0:0:0: Direct-Access     VBOX     HARDDISK         1.0  PQ: 0 ANSI: 5
[   25.702708] scsi target2:0:0: Beginning Domain Validation
[   25.765595] scsi target2:0:0: Domain Validation skipping write tests
[   25.844413] scsi target2:0:0: Ending Domain Validation
[   25.875844] scsi target2:0:0: asynchronous
[   25.878685] scsi 2:0:1:0: Direct-Access     VBOX     HARDDISK         1.0  PQ: 0 ANSI: 5
[   25.962452] scsi target2:0:1: Beginning Domain Validation
[   25.996882] scsi target2:0:1: Domain Validation skipping write tests
[   26.052183] scsi target2:0:1: Ending Domain Validation
[   26.086711] scsi target2:0:1: asynchronous
[   26.118735] sd 2:0:0:0: [sda] 20971520 512-byte logical blocks: (10.7 GB/10.0 GiB)
[   26.178640] e1000 0000:00:03.0 eth0: (PCI:33MHz:32-bit) 02:43:fc:58:af:9d
[   26.178724] sd 2:0:0:0: Attached scsi generic sg0 type 0
[   26.179115] sd 2:0:1:0: Attached scsi generic sg1 type 0
[   26.179395] sd 2:0:1:0: [sdb] 20480 512-byte logical blocks: (10.5 MB/10.0 MiB)
[   26.179607] sd 2:0:0:0: [sda] Write Protect is off
[   26.179674] sd 2:0:1:0: [sdb] Write Protect is off
[   26.179782] sd 2:0:0:0: [sda] Incomplete mode parameter data
[   26.179783] sd 2:0:0:0: [sda] Assuming drive cache: write through
[   26.179863] sd 2:0:1:0: [sdb] Incomplete mode parameter data
[   26.179863] sd 2:0:1:0: [sdb] Assuming drive cache: write through
[   26.183114]  sda: sda1
[   26.184310] sd 2:0:1:0: [sdb] Attached SCSI disk
[   26.184328] sd 2:0:0:0: [sda] Attached SCSI disk
[   27.091746] e1000 0000:00:03.0 eth0: Intel(R) PRO/1000 Network Connection
[   27.177982] e1000 0000:00:03.0 enp0s3: renamed from eth0
[   27.748107] floppy0: no floppy controllers found
Begin: Loading e[   29.168160] md: linear personality registered for level -1
ssential drivers[   29.272075] md: multipath personality registered for level -4
 ... [   29.335477] md: raid0 personality registered for level 0
[   29.402407] md: raid1 personality registered for level 1
[   29.527921] raid6: sse2x1   gen()  8717 MB/s
[   29.635772] raid6: sse2x1   xor()  6535 MB/s
[   29.771726] raid6: sse2x2   gen()  9167 MB/s
[   29.892024] raid6: sse2x2   xor()  6349 MB/s
[   29.999729] raid6: sse2x4   gen()  9240 MB/s
[   30.127898] raid6: sse2x4   xor()  7060 MB/s
[   30.184360] raid6: using algorithm sse2x4 gen() 9240 MB/s
[   30.246170] raid6: .... xor() 7060 MB/s, rmw enabled
[   30.334861] raid6: using ssse3x2 recovery algorithm
[   30.410591] xor: automatically using best checksumming function:
[   30.519843]    avx       : 19197.000 MB/sec
[   30.574171] async_tx: api initialized (async)
[   30.632969] md: raid6 personality registered for level 6
[   30.662272] md: raid5 personality registered for level 5
[   30.674674] md: raid4 personality registered for level 4
[   30.708824] md: raid10 personality registered for level 10
done.
Begin: Running /scripts/init-premount ...[   30.808307] Btrfs loaded
 done.
Begin: Mounting root file system ... Begin: Running /scripts/local-top ... done.
Begin: Running /scripts/local-premount ... Scanning for Btrfs filesyst[   30.879231] EXT4-fs (sda1): mounted filesystem with ordered data mode. Opts: (null)
ems
done.
Warning: fsck not present, so skipping root file system
done.
Begin: Running /scripts/local-bottom ... done.
Begin: Running /scripts/init-bottom ... done.
[   31.079200] systemd[1]: systemd 229 running in system mode. (+PAM +AUDIT +SELINUX +IMA +APPARMOR +SMACK +SYSVINIT +UTMP +LIBCRYPTSETUP +GCRYPT +GNUTLS +ACL +XZ -LZ4 +SECCOMP +BLKID +ELFUTILS +KMOD -IDN)
[   31.338295] systemd[1]: Detected virtualization oracle.
[   31.427993] systemd[1]: Detected architecture x86-64.

Welcome to [1mUbuntu 16.04.2 LTS[0m!

[   31.552870] systemd[1]: Set hostname to <ubuntu-xenial>.
[   31.776352] systemd[1]: Listening on /dev/initctl Compatibility Named Pipe.
[[0;32m  OK  [0m] Listening on /dev/initctl Compatibility Named Pipe.
[   31.809203] systemd[1]: Created slice User and Session Slice.
[[0;32m  OK  [0m] Created slice User and Session Slice.
[   31.912121] systemd[1]: Started Forward Password Requests to Wall Directory Watch.
[[0;32m  OK  [0m] Started Forward Password Requests to Wall Directory Watch.
[   32.060342] systemd[1]: Listening on udev Kernel Socket.
[[0;32m  OK  [0m] Listening on udev Kernel Socket.
[   32.168379] systemd[1]: Listening on LVM2 metadata daemon socket.
[[0;32m  OK  [0m] Listening on LVM2 metadata daemon socket.
[   32.280333] systemd[1]: Reached target Encrypted Volumes.
[[0;32m  OK  [0m] Reached target Encrypted Volumes.
[   32.412156] systemd[1]: Reached target Swap.
[[0;32m  OK  [0m] Reached target Swap.
[   32.484496] systemd[1]: Listening on Journal Socket.
[[0;32m  OK  [0m] Listening on Journal Socket.
[   32.596492] systemd[1]: Reached target User and Group Name Lookups.
[[0;32m  OK  [0m] Reached target User and Group Name Lookups.
[   32.732292] systemd[1]: Listening on udev Control Socket.
[[0;32m  OK  [0m] Listening on udev Control Socket.
[   32.820495] systemd[1]: Listening on Journal Audit Socket.
[[0;32m  OK  [0m] Listening on Journal Audit Socket.
[   32.880396] systemd[1]: Listening on Journal Socket (/dev/log).
[[0;32m  OK  [0m] Listening on Journal Socket (/dev/log).
[   32.915404] systemd[1]: Listening on Device-mapper event daemon FIFOs.
[[0;32m  OK  [0m] Listening on Device-mapper event daemon FIFOs.
[   33.032319] systemd[1]: Listening on LVM2 poll daemon socket.
[[0;32m  OK  [0m] Listening on LVM2 poll daemon socket.
[   33.152259] systemd[1]: Listening on Syslog Socket.
[[0;32m  OK  [0m] Listening on Syslog Socket.
[   33.232460] systemd[1]: Created slice System Slice.
[[0;32m  OK  [0m] Created slice System Slice.
[   33.328853] systemd[1]: Created slice system-serial\x2dgetty.slice.
[[0;32m  OK  [0m] Created slice system-serial\x2dgetty.slice.
[   33.464336] systemd[1]: Starting Create list of required static device nodes for the current kernel...
         Starting Create list of required st... nodes for the current kernel...
[   33.628248] systemd[1]: Reached target Slices.
[[0;32m  OK  [0m] Reached target Slices.
[   33.732166] systemd[1]: Mounting Debug File System...
         Mounting Debug File System...
[   33.772998] systemd[1]: Starting Journal Service...
         Starting Journal Service...
[   33.824284] systemd[1]: Starting Monitoring of LVM2 mirrors, snapshots etc. using dmeventd or progress polling...
         Starting Monitoring of LVM2 mirrors... dmeventd or progress polling...
[   33.956121] systemd[1]: Starting Uncomplicated firewall...
         Starting Uncomplicated firewall...
[   34.028585] systemd[1]: Starting Load Kernel Modules...
[   34.080319] Loading iSCSI transport class v2.0-870.
         Startin[   34.138115] iscsi: registered transport (tcp)
g Load Kernel Modules...
[   34.232304] iscsi: registered transport (iser)
[   34.304298] systemd[1]: Starting Nameserver information manager...
         Starting Nameserver information manager...
[   34.408326] systemd[1]: Mounting Huge Pages File System...
         Mounting Huge Pages File System...
[   34.545092] systemd[1]: Starting Set console keymap...
         Starting Set console keymap...
[   34.660037] systemd[1]: Starting Remount Root and Kernel File Systems...
[   34.663333] EXT4-fs (sda1): re-mounted. Opts: (null)
         Starting Remount Root and Kernel File Systems...
[   34.828817] systemd[1]: Created slice system-postgresql.slice.
[[0;32m  OK  [0m] Created slice system-postgresql.slice.
[   34.988152] systemd[1]: Mounting POSIX Message Queue File System...
         Mounting POSIX Message Queue File System...
[   35.088783] systemd[1]: Set up automount Arbitrary Executable File Formats File System Automount Point.
[[0;32m  OK  [0m] Set up automount Arbitrary Executab...ats File System Automount Point.
[   35.217211] systemd[1]: Mounted Debug File System.
[[0;32m  OK  [0m] Mounted Debug File System.
[   35.300106] systemd[1]: Mounted POSIX Message Queue File System.
[[0;32m  OK  [0m] Mounted POSIX Message Queue File System.
[   35.452438] systemd[1]: Mounted Huge Pages File System.
[[0;32m  OK  [0m] Mounted Huge Pages File System.
[   35.572505] systemd[1]: Started Journal Service.
[[0;32m  OK  [0m] Started Journal Service.
[[0;32m  OK  [0m] Started Create list of required sta...ce nodes for the current kernel.
[[0;32m  OK  [0m] Started Uncomplicated firewall.
[[0;32m  OK  [0m] Started Load Kernel Modules.
[[0;32m  OK  [0m] Started Set console keymap.
[[0;32m  OK  [0m] Started Remount Root and Kernel File Systems.
[[0;32m  OK  [0m] Started Nameserver information manager.
[[0;32m  OK  [0m] Started LVM2 metadata daemon.
         Starting udev Coldplug all Devices...
         Starting Initial cloud-init job (pre-networking)...
         Starting Load/Save Random Seed...
         Starting Apply Kernel Variables...
         Mounting FUSE Control File System...
         Starting Create Static Device Nodes in /dev...
         Starting Flush Journal to Persistent Storage...
[[0;32m  OK  [0m] Mounted FUSE Control File System.
[[0;32m  OK  [0m] Started Load/Save Random Seed.
[[0;32m  OK  [0m] Started Apply Kernel Variables.
[[0;32m  OK  [0m] Started Create Static Device Nodes in /dev.
[[0;32m  OK  [0m] Started udev Coldplug all Devices.
[[0;32m  OK  [0m] Started Flush Journal to Persistent Storage.
         Starting udev Kernel Device Manager...
[[0;32m  OK  [0m] Started udev Kernel Device Manager.
[[0;32m  OK  [0m] Started Dispatch Password Requests to Console Directory Watch.
[[0;32m  OK  [0m] Started Monitoring of LVM2 mirrors,...ng dmeventd or progress polling.
[[0;32m  OK  [0m] Found device /dev/ttyS0.
[[0;32m  OK  [0m] Reached target Local File Systems (Pre).
[[0;32m  OK  [0m] Reached target Local File Systems.
         Starting Tell Plymouth To Write Out Runtime Data...
         Starting LSB: AppArmor initialization...
         Starting Set console font and keymap...
[   21.268379]          cloud-initStarting Create Volatile Files and Directories...[456]: 
Cloud-init v. 0.7.9 running 'init-local' at Mon, 17 Apr 2017 18:26:24 +0000. Up 20.94 seconds.
[[0;32m  OK  [0m] Started Tell Plymouth To Write Out Runtime Data.
[[0;32m  OK  [0m] Started Initial cloud-init job (pre-networking).
[[0;32m  OK  [0m] Listening on Load/Save RF Kill Switch Status /dev/rfkill Watch.
[[0;32m  OK  [0m] Reached target Network (Pre).
[[0;32m  OK  [0m] Started LSB: AppArmor initialization.
[[0;32m  OK  [0m] Found device 82540EM Gigabit Ethern...r (PRO/1000 MT Desktop Adapter).
         Starting Raise network interfaces...
[[0;32m  OK  [0m] Started ifup for enp0s3.
[[0;32m  OK  [0m] Started Set console font and keymap.
[[0;32m  OK  [0m] Created slice system-getty.slice.
[[0;32m  OK  [0m] Started Raise network interfaces.
[[0;32m  OK  [0m] Reached target Network.
         Starting Initial cloud-init job (metadata service crawler)...
[   24.651878] cloud-init[965]: Cloud-init v. 0.7.9 running 'init' at Mon, 17 Apr 2017 18:26:27 +0000. Up 24.30 seconds.
[   24.704539] cloud-init[965]: ci-info: +++++++++++++++++++++++++++++++++++++Net device info++++++++++++++++++++++++++++++++++++++
[   24.736392] cloud-init[965]: ci-info: +--------+------+----------------------------+---------------+-------+-------------------+
[[0;32m  OK  [0m] Started Initial cloud-init job (metadata service crawler).
[[0;32m  OK  [0m] Reached target Network is Online.
[   24.767013] cloud-init[965]: ci-info: | Device |  Up  |          Address           |      Mask     | Scope |     Hw-Address    |
         Starting iSCSI initiator daemon (iscsid)...
[[0;32m  OK  [0m] Reached target Cloud-config availability.
[   24.828398] cloud-init[965]: ci-info: +--------+------+----------------------------+---------------+-------+-------------------+
[   24.877509] [cloud-init[0;32m  OK  [0m[965]: ] ci-info: | enp0s3 | True |         10.0.2.15          | 255.255.255.0 |   .   | 02:43:fc:58:af:9d |Started iSCSI initiator daemon (iscsid).

[   24.877993] cloud-init[965]: ci-info: | enp0s3 | True | fe80::43:fcff:fe58:af9d/64 |       .       |  link | 02:43:fc:58:af:9d |
[   24.911587] cloud-init[965]: ci-info: |   lo   | True |         127.0.0.1          |   255.0.0.0   |   .   |         .         |
[   24.940348]          Starting Login to default iSCSI targets...
cloud-init[965]: ci-info: |   lo   | True |          ::1/128           |       .       |  host |         .         |
[   24.943272] cloud-init[965]: ci-info: +--------+------+----------------------------+---------------+-------+-------------------+
[   24.965269] cloud-init[965]: ci-info: +++++++++++++++++++++++++++Route IPv4 info++++++++++++++++++++++++++++
[   24.984620] [[0;32m  OK  [0m] Started Login to default iSCSI targets.
cloud-init[965]: ci-info: +-------+-------------+----------+---------------+-----------+-------+
[   25.004296] cloud-init[965]: ci-info: | Route | Destination | Gateway  |    Genmask    | Interface | Flags |
[[0;32m  OK  [0m] Reached target Remote File Systems (Pre).
[[0;32m  OK  [0m] Reached target Remote File Systems.
[   25.029502] cloud-init[965]: ci-info: +-------+-------------+----------+---------------+-----------+-------+
[   25.065805] cloud-init[965]: ci-info: |   0   |   0.0.0.0   | 10.0.2.2 |    0.0.0.0    |   enp0s3  |   UG  |
[   25.093116] cloud-init[965]: ci-info: |   1   |   10.0.2.0  | 0.0.0.0  | 255.255.255.0 |   enp0s3  |   U   |
[   25.100493] cloud-init[965]: ci-info: +-------+-------------+----------+---------------+-----------+-------+
[[0;32m  OK  [0m] Started Create Volatile Files and Directories.
         Starting Update UTMP about System Boot/Shutdown...
[[0;32m  OK  [0m] Reached target System Time Synchronized.
[[0;32m  OK  [0m] Started Update UTMP about System Boot/Shutdown.
[[0;32m  OK  [0m] Reached target System Initialization.
         Starting LXD - unix socket.
[[0;32m  OK  [0m] Listening on ACPID Listen Socket.
[[0;32m  OK  [0m] Started Daily Cleanup of Temporary Directories.
[[0;32m  OK  [0m] Started Timer to automatically refresh installed snaps.
[[0;32m  OK  [0m] Started ACPI Events Check.
[[0;32m  OK  [0m] Listening on UUID daemon activation socket.
         Starting Socket activation for snappy daemon.
[[0;32m  OK  [0m] Started Daily apt activities.
[[0;32m  OK  [0m] Reached target Timers.
[[0;32m  OK  [0m] Started Trigger resolvconf update for networkd DNS.
[[0;32m  OK  [0m] Reached target Paths.
[[0;32m  OK  [0m] Listening on D-Bus System Message Bus Socket.
[[0;32m  OK  [0m] Listening on LXD - unix socket.
[[0;32m  OK  [0m] Listening on Socket activation for snappy daemon.
[[0;32m  OK  [0m] Reached target Sockets.
[[0;32m  OK  [0m] Reached target Basic System.
         Starting LSB: Start/stop sysstat's sadc...
         Starting LSB: VirtualBox Linux Additions...
[[0;32m  OK  [0m] Started D-Bus System Message Bus.
         Starting System Logging Service...
         Starting LSB: daemon to balance interrupts for SMP systems...
         Starting OpenBSD Secure Shell server...
         Starting Permit User Sessions...
         Starting LSB: Record successful boot for GRUB...
         Starting Daily apt activities...
[[0;32m  OK  [0m] Started Snappy daemon.
         Starting Auto import assertions from block devices...
[[0;32m  OK  [0m] Started ACPI event daemon.
[[0;32m  OK  [0m] Started Deferred execution scheduler.
         Starting LSB: MD monitoring daemon...
         Starting PostgreSQL Cluster 9.5-main...
[[0;32m  OK  [0m] Started Regular background program processing daemon.
         Starting LSB: Set the CPU Frequency Scaling governor to "ondemand"...
         Starting LSB: automatic crash report generation...
[[0;32m  OK  [0m] Started FUSE filesystem for LXC.
         Starting Accounts Service...
         Starting Login Service...
         Starting Apply the settings specified in cloud-config...
         Starting /etc/rc.local Compatibility...
         Starting LXD - container startup/shutdown...
[[0;32m  OK  [0m] Started System Logging Service.
[[0;32m  OK  [0m] Started OpenBSD Secure Shell server.
[[0;32m  OK  [0m] Started Permit User Sessions.
[[0;32m  OK  [0m] Started Auto import assertions from block devices.
[[0;32m  OK  [0m] Started /etc/rc.local Compatibility.
[[0;32m  OK  [0m] Started LSB: Start/stop sysstat's sadc.
[[0;32m  OK  [0m] Started LSB: daemon to balance interrupts for SMP systems.
[[0;32m  OK  [0m] Started LSB: VirtualBox Linux Additions.
[[0;32m  OK  [0m] Started LXD - container startup/shutdown.
[[0;32m  OK  [0m] Started LSB: Record successful boot for GRUB.
[[0;32m  OK  [0m] Started LSB: Set the CPU Frequency Scaling governor to "ondemand".
[[   28.667529] cloud-init[1134]: Cloud-init v. 0.7.9 running 'modules:config' at Mon, 17 Apr 2017 18:26:31 +0000. Up 28.57 seconds.
[0;32m  OK  [0m] Started LSB: MD monitoring daemon.
[[0;32m  OK  [0m] Started Apply the settings specified in cloud-config.
[[0;32m  OK  [0m] Started Login Service.
[[0;32m  OK  [0m] Started LSB: automatic crash report generation.
[[0;32m  OK  [0m] Created slice User Slice of ubuntu.
         Starting Authenticate and Authorize Users to Run Privileged Tasks...
         Starting Terminate Plymouth Boot Screen...
         Starting Hold until boot process finishes up...
[[0;32m  OK  [0m] Started Terminate Plymouth Boot Screen.
[[0;32m  OK  [0m] Started Hold until boot process finishes up.
[[0;32m  OK  [0m] Started Authenticate and Authorize Users to Run Privileged Tasks.
[[0;32m  OK  [0m] Started Accounts Service.
[[0;32m  OK  [0m] Started Session 1 of user ubuntu.
         Starting User Manager for UID 1000...
[[0;32m  OK  [0m] Started Serial Getty on ttyS0.
         Starting Set console scheme...
[[0;32m  OK  [0m] Started Getty on tty1.
[[0;32m  OK  [0m] Reached target Login Prompts.
[[0;32m  OK  [0m] Started User Manager for UID 1000.
[[0;32m  OK  [0m] Started Set console scheme.
[[0;32m  OK  [0m] Started PostgreSQL Cluster 9.5-main.
         Starting PostgreSQL RDBMS...
[[0;32m  OK  [0m] Started PostgreSQL RDBMS.
[[0;32m  OK  [0m] Reached target Multi-User System.
         Starting Execute cloud user/final scripts...
[[0;32m  OK  [0m] Reached target Graphical Interface.
         Starting Update UTMP about System Runlevel Changes...
[[0;32m  OK  [0m] Started Update UTMP about System Runlevel Changes.
[   30.888401] cloud-init[1723]: Cloud-init v. 0.7.9 running 'modules:final' at Mon, 17 Apr 2017 18:26:34 +0000. Up 30.77 seconds.
[   30.940383] cloud-init[1723]: Cloud-init v. 0.7.9 finished at Mon, 17 Apr 2017 18:26:34 +0000. Datasource DataSourceNoCloud [seed=/dev/sdb][dsmode=net].  Up 30.88 seconds
[[0;32m  OK  [0m] Started Execute cloud user/final scripts.
[[0;32m  OK  [0m] Reached target Cloud-init target.
         Stopping User Manager for UID 1000...
[[0;32m  OK  [0m] Stopped User Manager for UID 1000.
[[0;32m  OK  [0m] Removed slice User Slice of ubuntu.

Ubuntu 16.04.2 LTS ubuntu-xenial ttyS0

ubuntu-xenial login: 